// Vitest Snapshot v1, https://vitest.dev/guide/snapshot.html

exports[`ActiveTaskCard > renders correctly 1`] = `
"<div data-v-f39f1573=\\"\\" data-v-89ba6e84=\\"\\">
  <div data-v-f39f1573=\\"\\" class=\\"v-card v-theme--light v-card--density-default v-card--variant-elevated\\" id=\\"bg\\">
    <!---->
    <div class=\\"v-card__loader\\">
      <div class=\\"v-progress-linear v-theme--light\\" style=\\"top: 0px; height: 0px; --v-progress-linear-height: 2px; left: 50%; transform: translateX(-50%);\\" role=\\"progressbar\\" aria-hidden=\\"true\\" aria-valuemin=\\"0\\" aria-valuemax=\\"100\\">
        <!---->
        <div class=\\"v-progress-linear__background\\" style=\\"width: 100%;\\"></div>
        <transition-stub name=\\"fade-transition\\" appear=\\"false\\" persisted=\\"false\\" css=\\"true\\">
          <div class=\\"v-progress-linear__indeterminate\\">
            <div class=\\"v-progress-linear__indeterminate long\\"></div>
            <div class=\\"v-progress-linear__indeterminate short\\"></div>
          </div>
        </transition-stub>
        <!---->
      </div>
    </div>
    <!---->
    <!---->
    <div data-v-f39f1573=\\"\\">
      <div data-v-f39f1573=\\"\\" class=\\"v-card v-theme--light v-card--density-default v-card--variant-elevated\\" id=\\"fg\\">
        <!---->
        <div class=\\"v-card__loader\\">
          <div class=\\"v-progress-linear v-theme--light\\" style=\\"top: 0px; height: 0px; --v-progress-linear-height: 2px; left: 50%; transform: translateX(-50%);\\" role=\\"progressbar\\" aria-hidden=\\"true\\" aria-valuemin=\\"0\\" aria-valuemax=\\"100\\">
            <!---->
            <div class=\\"v-progress-linear__background\\" style=\\"width: 100%;\\"></div>
            <transition-stub name=\\"fade-transition\\" appear=\\"false\\" persisted=\\"false\\" css=\\"true\\">
              <div class=\\"v-progress-linear__indeterminate\\">
                <div class=\\"v-progress-linear__indeterminate long\\"></div>
                <div class=\\"v-progress-linear__indeterminate short\\"></div>
              </div>
            </transition-stub>
            <!---->
          </div>
        </div>
        <!---->
        <!---->
        <div data-v-89ba6e84=\\"\\" class=\\"centered-content padded-s\\">this is a task description </div>
        <div data-v-f39f1573=\\"\\" class=\\"flex-horizontal\\">
          <div data-v-19720537=\\"\\" data-v-f39f1573=\\"\\" class=\\"flex-vertical\\">
            <div data-v-19720537=\\"\\" class=\\"flex-horizontal\\"><i data-v-19720537=\\"\\" class=\\"mdi-brain mdi v-icon notranslate v-theme--light v-icon--size-default\\" aria-hidden=\\"true\\" id=\\"i-mental\\"></i>1 mental EP </div>
            <div data-v-19720537=\\"\\" class=\\"flex-horizontal\\"><i data-v-19720537=\\"\\" class=\\"mdi-account-hard-hat mdi v-icon notranslate v-theme--light v-icon--size-default\\" aria-hidden=\\"true\\" id=\\"i-physical\\"></i>1 physical EP </div>
            <div data-v-19720537=\\"\\" class=\\"flex-horizontal\\"><i data-v-19720537=\\"\\" class=\\"mdi-timer mdi v-icon notranslate v-theme--light v-icon--size-default\\" aria-hidden=\\"true\\" id=\\"i-time\\"></i>30m</div>
          </div>
        </div>
        <!---->
        <!----><span class=\\"v-card__underlay\\"></span>
      </div>
    </div>
    <div data-v-f39f1573=\\"\\" id=\\"actions\\" class=\\"padded-s\\"><span data-v-f39f1573=\\"\\" class=\\"v-chip v-theme--light v-chip--density-compact v-chip--size-default v-chip--variant-tonal\\" draggable=\\"false\\"><!----><span class=\\"v-chip__underlay\\"></span>
      <!---->
      <!---->13
      <!---->
      <!----></span>
      <div data-v-89ba6e84=\\"\\" class=\\"centered-content flex-vertical\\" aria-label=\\"actions\\"><button data-v-89ba6e84=\\"\\" type=\\"button\\" class=\\"v-btn v-btn--flat v-btn--icon v-theme--light v-btn--density-compact v-btn--size-default v-btn--variant-elevated\\" aria-label=\\"unschedule\\"><span class=\\"v-btn__overlay\\"></span><span class=\\"v-btn__underlay\\"></span>
          <!----><span class=\\"v-btn__content\\" data-no-activator=\\"\\"><i class=\\"mdi-calendar-minus mdi v-icon notranslate v-theme--light v-icon--size-default\\" aria-hidden=\\"true\\"></i></span>
          <!---->
          <!---->
        </button><button data-v-89ba6e84=\\"\\" type=\\"button\\" class=\\"v-btn v-btn--flat v-btn--icon v-theme--light v-btn--density-compact v-btn--size-default v-btn--variant-elevated\\" aria-label=\\"done\\"><span class=\\"v-btn__overlay\\"></span><span class=\\"v-btn__underlay\\"></span>
          <!----><span class=\\"v-btn__content\\" data-no-activator=\\"\\"><i class=\\"mdi-check mdi v-icon notranslate v-theme--light v-icon--size-default\\" aria-hidden=\\"true\\"></i></span>
          <!---->
          <!---->
        </button></div>
    </div>
    <!---->
    <!----><span class=\\"v-card__underlay\\"></span>
  </div>
</div>"
`;
