// Vitest Snapshot v1, https://vitest.dev/guide/snapshot.html

exports[`GenericItemEditCard > renders correctly 1`] = `
"<div data-v-f39f1573=\\"\\" data-v-9b7145d6=\\"\\">
  <div data-v-f39f1573=\\"\\" class=\\"v-card v-theme--light v-card--density-default v-card--variant-elevated\\" id=\\"bg\\">
    <!---->
    <div class=\\"v-card__loader\\">
      <div class=\\"v-progress-linear v-theme--light\\" style=\\"top: 0px; height: 0px; --v-progress-linear-height: 2px; left: 50%; transform: translateX(-50%);\\" role=\\"progressbar\\" aria-hidden=\\"true\\" aria-valuemin=\\"0\\" aria-valuemax=\\"100\\">
        <!---->
        <div class=\\"v-progress-linear__background\\" style=\\"width: 100%;\\"></div>
        <transition-stub name=\\"fade-transition\\" appear=\\"false\\" persisted=\\"false\\" css=\\"true\\">
          <div class=\\"v-progress-linear__indeterminate\\">
            <div class=\\"v-progress-linear__indeterminate long\\"></div>
            <div class=\\"v-progress-linear__indeterminate short\\"></div>
          </div>
        </transition-stub>
        <!---->
      </div>
    </div>
    <!---->
    <!---->
    <div data-v-f39f1573=\\"\\">
      <div data-v-f39f1573=\\"\\" class=\\"v-card v-theme--light v-card--density-default v-card--variant-elevated\\" id=\\"fg\\">
        <!---->
        <div class=\\"v-card__loader\\">
          <div class=\\"v-progress-linear v-theme--light\\" style=\\"top: 0px; height: 0px; --v-progress-linear-height: 2px; left: 50%; transform: translateX(-50%);\\" role=\\"progressbar\\" aria-hidden=\\"true\\" aria-valuemin=\\"0\\" aria-valuemax=\\"100\\">
            <!---->
            <div class=\\"v-progress-linear__background\\" style=\\"width: 100%;\\"></div>
            <transition-stub name=\\"fade-transition\\" appear=\\"false\\" persisted=\\"false\\" css=\\"true\\">
              <div class=\\"v-progress-linear__indeterminate\\">
                <div class=\\"v-progress-linear__indeterminate long\\"></div>
                <div class=\\"v-progress-linear__indeterminate short\\"></div>
              </div>
            </transition-stub>
            <!---->
          </div>
        </div>
        <!---->
        <!---->
        <div data-v-9b7145d6=\\"\\" class=\\"flex-horizontal gapped-s\\"><span data-v-9b7145d6=\\"\\" class=\\"v-chip v-theme--light v-chip--density-compact v-chip--size-default v-chip--variant-tonal\\" draggable=\\"false\\"><!----><span class=\\"v-chip__underlay\\"></span>
          <!---->
          <!---->itemTypeGoesHere
          <!---->
          <!----></span>Some header content goes here
        </div>Default<div data-v-f39f1573=\\"\\" class=\\"flex-horizontal\\">
          <div data-v-19720537=\\"\\" data-v-f39f1573=\\"\\" class=\\"flex-vertical justify-space-between\\">
            <div data-v-19720537=\\"\\" class=\\"flex-horizontal\\"><i data-v-19720537=\\"\\" class=\\"mdi-brain mdi v-icon notranslate v-theme--light v-icon--size-default\\" aria-hidden=\\"true\\" id=\\"i-mental\\"></i>8 mental EP </div>
            <div data-v-19720537=\\"\\" class=\\"flex-horizontal\\"><i data-v-19720537=\\"\\" class=\\"mdi-account-hard-hat mdi v-icon notranslate v-theme--light v-icon--size-default\\" aria-hidden=\\"true\\" id=\\"i-physical\\"></i>8 physical EP </div>
            <div data-v-19720537=\\"\\" class=\\"flex-horizontal\\"><i data-v-19720537=\\"\\" class=\\"mdi-timer mdi v-icon notranslate v-theme--light v-icon--size-default\\" aria-hidden=\\"true\\" id=\\"i-time\\"></i>30m</div>
          </div>
          <div data-v-9b7145d6=\\"\\" id=\\"controls\\" class=\\"flex-vertical\\">
            <div data-v-9b7145d6=\\"\\" id=\\"mes-control\\" class=\\"flex-horizontal\\"><button data-v-9b7145d6=\\"\\" type=\\"button\\" class=\\"v-btn v-btn--flat v-btn--icon v-theme--light v-btn--density-compact v-btn--size-default v-btn--variant-elevated\\" aria-label=\\"decrement mes\\"><span class=\\"v-btn__overlay\\"></span><span class=\\"v-btn__underlay\\"></span>
                <!----><span class=\\"v-btn__content\\" data-no-activator=\\"\\"><i class=\\"mdi-minus mdi v-icon notranslate v-theme--light v-icon--size-default\\" aria-hidden=\\"true\\"></i></span>
                <!---->
                <!---->
              </button><button data-v-9b7145d6=\\"\\" type=\\"button\\" class=\\"v-btn v-btn--flat v-btn--icon v-theme--light v-btn--density-compact v-btn--size-default v-btn--variant-elevated\\" aria-label=\\"increment mes\\"><span class=\\"v-btn__overlay\\"></span><span class=\\"v-btn__underlay\\"></span>
                <!----><span class=\\"v-btn__content\\" data-no-activator=\\"\\"><i class=\\"mdi-plus mdi v-icon notranslate v-theme--light v-icon--size-default\\" aria-hidden=\\"true\\"></i></span>
                <!---->
                <!---->
              </button></div>
            <div data-v-9b7145d6=\\"\\" id=\\"pes-control\\" class=\\"flex-horizontal\\"><button data-v-9b7145d6=\\"\\" type=\\"button\\" class=\\"v-btn v-btn--flat v-btn--icon v-theme--light v-btn--density-compact v-btn--size-default v-btn--variant-elevated\\" aria-label=\\"decrement pes\\"><span class=\\"v-btn__overlay\\"></span><span class=\\"v-btn__underlay\\"></span>
                <!----><span class=\\"v-btn__content\\" data-no-activator=\\"\\"><i class=\\"mdi-minus mdi v-icon notranslate v-theme--light v-icon--size-default\\" aria-hidden=\\"true\\"></i></span>
                <!---->
                <!---->
              </button><button data-v-9b7145d6=\\"\\" type=\\"button\\" class=\\"v-btn v-btn--flat v-btn--icon v-theme--light v-btn--density-compact v-btn--size-default v-btn--variant-elevated\\" aria-label=\\"increment pes\\"><span class=\\"v-btn__overlay\\"></span><span class=\\"v-btn__underlay\\"></span>
                <!----><span class=\\"v-btn__content\\" data-no-activator=\\"\\"><i class=\\"mdi-plus mdi v-icon notranslate v-theme--light v-icon--size-default\\" aria-hidden=\\"true\\"></i></span>
                <!---->
                <!---->
              </button></div>
            <div data-v-9b7145d6=\\"\\" id=\\"length-control\\" class=\\"flex-horizontal\\"><button data-v-9b7145d6=\\"\\" type=\\"button\\" class=\\"v-btn v-btn--flat v-btn--icon v-theme--light v-btn--density-compact v-btn--size-default v-btn--variant-elevated\\" aria-label=\\"decrement time\\"><span class=\\"v-btn__overlay\\"></span><span class=\\"v-btn__underlay\\"></span>
                <!----><span class=\\"v-btn__content\\" data-no-activator=\\"\\"><i class=\\"mdi-undo mdi v-icon notranslate v-theme--light v-icon--size-default\\" aria-hidden=\\"true\\"></i></span>
                <!---->
                <!---->
              </button><button data-v-9b7145d6=\\"\\" type=\\"button\\" class=\\"v-btn v-btn--flat v-btn--icon v-theme--light v-btn--density-compact v-btn--size-default v-btn--variant-elevated\\" aria-label=\\"increment time\\"><span class=\\"v-btn__overlay\\"></span><span class=\\"v-btn__underlay\\"></span>
                <!----><span class=\\"v-btn__content\\" data-no-activator=\\"\\"><i class=\\"mdi-fast-forward-5 mdi v-icon notranslate v-theme--light v-icon--size-default\\" aria-hidden=\\"true\\"></i></span>
                <!---->
                <!---->
              </button></div>
          </div>
        </div>
        <!---->
        <!----><span class=\\"v-card__underlay\\"></span>
      </div>
    </div>
    <div data-v-f39f1573=\\"\\" id=\\"actions\\" class=\\"padded-s\\"><span data-v-f39f1573=\\"\\" class=\\"v-chip v-theme--light v-chip--density-compact v-chip--size-default v-chip--variant-tonal\\" draggable=\\"false\\"><!----><span class=\\"v-chip__underlay\\"></span>
      <!---->
      <!---->id
      <!---->
      <!----></span>
      <div data-v-9b7145d6=\\"\\" class=\\"flex-vertical all-actions justify-space-between\\"><button data-v-9b7145d6=\\"\\" type=\\"button\\" class=\\"v-btn v-btn--flat v-btn--icon v-theme--light v-btn--density-compact v-btn--size-default v-btn--variant-elevated\\" aria-label=\\"delete\\"><span class=\\"v-btn__overlay\\"></span><span class=\\"v-btn__underlay\\"></span>
          <!----><span class=\\"v-btn__content\\" data-no-activator=\\"\\"><i class=\\"mdi-delete-forever mdi v-icon notranslate v-theme--light v-icon--size-default\\" aria-hidden=\\"true\\"></i></span>
          <!---->
          <!---->
        </button>
        <div data-v-9b7145d6=\\"\\" class=\\"flex-vertical safe-actions\\"><button data-v-9b7145d6=\\"\\" type=\\"button\\" class=\\"v-btn v-btn--flat v-btn--icon v-theme--light v-btn--density-compact v-btn--size-default v-btn--variant-elevated\\" aria-label=\\"cancel\\"><span class=\\"v-btn__overlay\\"></span><span class=\\"v-btn__underlay\\"></span>
            <!----><span class=\\"v-btn__content\\" data-no-activator=\\"\\"><i class=\\"mdi-close mdi v-icon notranslate v-theme--light v-icon--size-default\\" aria-hidden=\\"true\\"></i></span>
            <!---->
            <!---->
          </button><button data-v-9b7145d6=\\"\\" type=\\"button\\" class=\\"v-btn v-btn--flat v-btn--icon v-theme--light v-btn--density-compact v-btn--size-default v-btn--variant-elevated\\" aria-label=\\"save\\"><span class=\\"v-btn__overlay\\"></span><span class=\\"v-btn__underlay\\"></span>
            <!----><span class=\\"v-btn__content\\" data-no-activator=\\"\\"><i class=\\"mdi-content-save mdi v-icon notranslate v-theme--light v-icon--size-default\\" aria-hidden=\\"true\\"></i></span>
            <!---->
            <!---->
          </button></div>
      </div>
    </div>
    <!---->
    <!----><span class=\\"v-card__underlay\\"></span>
  </div>
</div>"
`;
